Archive member included to satisfy reference by file (symbol)

/opt/st/stm32cubeide_1.17.0/plugins/com.st.stm32cube.ide.mcu.externaltools.gnu-tools-for-stm32.12.3.rel1.linux64_1.1.0.202410170702/tools/bin/../lib/gcc/arm-none-eabi/12.3.1/../../../../arm-none-eabi/lib/thumb/v7e-m+fp/hard/libc_nano.a(libc_a-exit.o)
                              /opt/st/stm32cubeide_1.17.0/plugins/com.st.stm32cube.ide.mcu.externaltools.gnu-tools-for-stm32.12.3.rel1.linux64_1.1.0.202410170702/tools/bin/../lib/gcc/arm-none-eabi/12.3.1/../../../../arm-none-eabi/lib/thumb/v7e-m+fp/hard/crt0.o (exit)
/opt/st/stm32cubeide_1.17.0/plugins/com.st.stm32cube.ide.mcu.externaltools.gnu-tools-for-stm32.12.3.rel1.linux64_1.1.0.202410170702/tools/bin/../lib/gcc/arm-none-eabi/12.3.1/../../../../arm-none-eabi/lib/thumb/v7e-m+fp/hard/libc_nano.a(libc_a-findfp.o)
                              /opt/st/stm32cubeide_1.17.0/plugins/com.st.stm32cube.ide.mcu.externaltools.gnu-tools-for-stm32.12.3.rel1.linux64_1.1.0.202410170702/tools/bin/../lib/gcc/arm-none-eabi/12.3.1/../../../../arm-none-eabi/lib/thumb/v7e-m+fp/hard/libc_nano.a(libc_a-exit.o) (__stdio_exit_handler)
/opt/st/stm32cubeide_1.17.0/plugins/com.st.stm32cube.ide.mcu.externaltools.gnu-tools-for-stm32.12.3.rel1.linux64_1.1.0.202410170702/tools/bin/../lib/gcc/arm-none-eabi/12.3.1/../../../../arm-none-eabi/lib/thumb/v7e-m+fp/hard/libc_nano.a(libc_a-fwalk.o)
                              /opt/st/stm32cubeide_1.17.0/plugins/com.st.stm32cube.ide.mcu.externaltools.gnu-tools-for-stm32.12.3.rel1.linux64_1.1.0.202410170702/tools/bin/../lib/gcc/arm-none-eabi/12.3.1/../../../../arm-none-eabi/lib/thumb/v7e-m+fp/hard/libc_nano.a(libc_a-findfp.o) (_fwalk_sglue)
/opt/st/stm32cubeide_1.17.0/plugins/com.st.stm32cube.ide.mcu.externaltools.gnu-tools-for-stm32.12.3.rel1.linux64_1.1.0.202410170702/tools/bin/../lib/gcc/arm-none-eabi/12.3.1/../../../../arm-none-eabi/lib/thumb/v7e-m+fp/hard/libc_nano.a(libc_a-stdio.o)
                              /opt/st/stm32cubeide_1.17.0/plugins/com.st.stm32cube.ide.mcu.externaltools.gnu-tools-for-stm32.12.3.rel1.linux64_1.1.0.202410170702/tools/bin/../lib/gcc/arm-none-eabi/12.3.1/../../../../arm-none-eabi/lib/thumb/v7e-m+fp/hard/libc_nano.a(libc_a-findfp.o) (__sread)
/opt/st/stm32cubeide_1.17.0/plugins/com.st.stm32cube.ide.mcu.externaltools.gnu-tools-for-stm32.12.3.rel1.linux64_1.1.0.202410170702/tools/bin/../lib/gcc/arm-none-eabi/12.3.1/../../../../arm-none-eabi/lib/thumb/v7e-m+fp/hard/libc_nano.a(libc_a-memset.o)
                              /opt/st/stm32cubeide_1.17.0/plugins/com.st.stm32cube.ide.mcu.externaltools.gnu-tools-for-stm32.12.3.rel1.linux64_1.1.0.202410170702/tools/bin/../lib/gcc/arm-none-eabi/12.3.1/../../../../arm-none-eabi/lib/thumb/v7e-m+fp/hard/crt0.o (memset)
/opt/st/stm32cubeide_1.17.0/plugins/com.st.stm32cube.ide.mcu.externaltools.gnu-tools-for-stm32.12.3.rel1.linux64_1.1.0.202410170702/tools/bin/../lib/gcc/arm-none-eabi/12.3.1/../../../../arm-none-eabi/lib/thumb/v7e-m+fp/hard/libc_nano.a(libc_a-closer.o)
                              /opt/st/stm32cubeide_1.17.0/plugins/com.st.stm32cube.ide.mcu.externaltools.gnu-tools-for-stm32.12.3.rel1.linux64_1.1.0.202410170702/tools/bin/../lib/gcc/arm-none-eabi/12.3.1/../../../../arm-none-eabi/lib/thumb/v7e-m+fp/hard/libc_nano.a(libc_a-stdio.o) (_close_r)
/opt/st/stm32cubeide_1.17.0/plugins/com.st.stm32cube.ide.mcu.externaltools.gnu-tools-for-stm32.12.3.rel1.linux64_1.1.0.202410170702/tools/bin/../lib/gcc/arm-none-eabi/12.3.1/../../../../arm-none-eabi/lib/thumb/v7e-m+fp/hard/libc_nano.a(libc_a-reent.o)
                              /opt/st/stm32cubeide_1.17.0/plugins/com.st.stm32cube.ide.mcu.externaltools.gnu-tools-for-stm32.12.3.rel1.linux64_1.1.0.202410170702/tools/bin/../lib/gcc/arm-none-eabi/12.3.1/../../../../arm-none-eabi/lib/thumb/v7e-m+fp/hard/libc_nano.a(libc_a-closer.o) (errno)
/opt/st/stm32cubeide_1.17.0/plugins/com.st.stm32cube.ide.mcu.externaltools.gnu-tools-for-stm32.12.3.rel1.linux64_1.1.0.202410170702/tools/bin/../lib/gcc/arm-none-eabi/12.3.1/../../../../arm-none-eabi/lib/thumb/v7e-m+fp/hard/libc_nano.a(libc_a-impure.o)
                              /opt/st/stm32cubeide_1.17.0/plugins/com.st.stm32cube.ide.mcu.externaltools.gnu-tools-for-stm32.12.3.rel1.linux64_1.1.0.202410170702/tools/bin/../lib/gcc/arm-none-eabi/12.3.1/../../../../arm-none-eabi/lib/thumb/v7e-m+fp/hard/libc_nano.a(libc_a-reent.o) (_impure_ptr)
/opt/st/stm32cubeide_1.17.0/plugins/com.st.stm32cube.ide.mcu.externaltools.gnu-tools-for-stm32.12.3.rel1.linux64_1.1.0.202410170702/tools/bin/../lib/gcc/arm-none-eabi/12.3.1/../../../../arm-none-eabi/lib/thumb/v7e-m+fp/hard/libc_nano.a(libc_a-lseekr.o)
                              /opt/st/stm32cubeide_1.17.0/plugins/com.st.stm32cube.ide.mcu.externaltools.gnu-tools-for-stm32.12.3.rel1.linux64_1.1.0.202410170702/tools/bin/../lib/gcc/arm-none-eabi/12.3.1/../../../../arm-none-eabi/lib/thumb/v7e-m+fp/hard/libc_nano.a(libc_a-stdio.o) (_lseek_r)
[...]
Memory Configuration

Name             Origin             Length             Attributes
RAM              0x20000000         0x00020000         xrw
FLASH            0x08000000         0x00080000         xr
*default*        0x00000000         0xffffffff

Linker script and memory map

LOAD /opt/st/stm32cubeide_1.17.0/plugins/com.st.stm32cube.ide.mcu.externaltools.gnu-tools-for-stm32.12.3.rel1.linux64_1.1.0.202410170702/tools/bin/../lib/gcc/arm-none-eabi/12.3.1/thumb/v7e-m+fp/hard/crti.o
LOAD /opt/st/stm32cubeide_1.17.0/plugins/com.st.stm32cube.ide.mcu.externaltools.gnu-tools-for-stm32.12.3.rel1.linux64_1.1.0.202410170702/tools/bin/../lib/gcc/arm-none-eabi/12.3.1/thumb/v7e-m+fp/hard/crtbegin.o
LOAD /opt/st/stm32cubeide_1.17.0/plugins/com.st.stm32cube.ide.mcu.externaltools.gnu-tools-for-stm32.12.3.rel1.linux64_1.1.0.202410170702/tools/bin/../lib/gcc/arm-none-eabi/12.3.1/../../../../arm-none-eabi/lib/thumb/v7e-m+fp/hard/crt0.o
LOAD ./Core/Src/gpio.o
LOAD ./Core/Src/main.o
LOAD ./Core/Src/stm32f4xx_hal_msp.o
LOAD ./Core/Src/stm32f4xx_it.o
LOAD ./Core/Src/syscalls.o
LOAD ./Core/Src/sysmem.o
LOAD ./Core/Src/system_stm32f4xx.o
LOAD ./Core/Src/usart.o
LOAD ./Core/Startup/startup_stm32f446retx.o
LOAD ./Drivers/STM32F4xx_HAL_Driver/Src/stm32f4xx_hal.o
LOAD ./Drivers/STM32F4xx_HAL_Driver/Src/stm32f4xx_hal_cortex.o
LOAD ./Drivers/STM32F4xx_HAL_Driver/Src/stm32f4xx_hal_dma.o
LOAD ./Drivers/STM32F4xx_HAL_Driver/Src/stm32f4xx_hal_dma_ex.o
LOAD ./Drivers/STM32F4xx_HAL_Driver/Src/stm32f4xx_hal_exti.o
LOAD ./Drivers/STM32F4xx_HAL_Driver/Src/stm32f4xx_hal_flash.o
LOAD ./Drivers/STM32F4xx_HAL_Driver/Src/stm32f4xx_hal_flash_ex.o
LOAD ./Drivers/STM32F4xx_HAL_Driver/Src/stm32f4xx_hal_flash_ramfunc.o
LOAD ./Drivers/STM32F4xx_HAL_Driver/Src/stm32f4xx_hal_gpio.o
LOAD ./Drivers/STM32F4xx_HAL_Driver/Src/stm32f4xx_hal_pcd.o
LOAD ./Drivers/STM32F4xx_HAL_Driver/Src/stm32f4xx_hal_pcd_ex.o
LOAD ./Drivers/STM32F4xx_HAL_Driver/Src/stm32f4xx_hal_pwr.o
LOAD ./Drivers/STM32F4xx_HAL_Driver/Src/stm32f4xx_hal_pwr_ex.o
LOAD ./Drivers/STM32F4xx_HAL_Driver/Src/stm32f4xx_hal_rcc.o
LOAD ./Drivers/STM32F4xx_HAL_Driver/Src/stm32f4xx_hal_rcc_ex.o
LOAD ./Drivers/STM32F4xx_HAL_Driver/Src/stm32f4xx_hal_uart.o
LOAD ./Drivers/STM32F4xx_HAL_Driver/Src/stm32f4xx_ll_usb.o
LOAD ./Middlewares/ST/STM32_USB_Device_Library/Class/CDC/Src/usbd_cdc.o
LOAD ./Middlewares/ST/STM32_USB_Device_Library/Core/Src/usbd_core.o
LOAD ./Middlewares/ST/STM32_USB_Device_Library/Core/Src/usbd_ctlreq.o
LOAD ./Middlewares/ST/STM32_USB_Device_Library/Core/Src/usbd_ioreq.o
LOAD ./USB_DEVICE/App/usb_device.o
LOAD ./USB_DEVICE/App/usbd_cdc_if.o
LOAD ./USB_DEVICE/App/usbd_desc.o
LOAD ./USB_DEVICE/Target/usbd_conf.o
START GROUP
LOAD /opt/st/stm32cubeide_1.17.0/plugins/com.st.stm32cube.ide.mcu.externaltools.gnu-tools-for-stm32.12.3.rel1.linux64_1.1.0.202410170702/tools/bin/../lib/gcc/arm-none-eabi/12.3.1/../../../../arm-none-eabi/lib/thumb/v7e-m+fp/hard/libc_nano.a
LOAD /opt/st/stm32cubeide_1.17.0/plugins/com.st.stm32cube.ide.mcu.externaltools.gnu-tools-for-stm32.12.3.rel1.linux64_1.1.0.202410170702/tools/bin/../lib/gcc/arm-none-eabi/12.3.1/../../../../arm-none-eabi/lib/thumb/v7e-m+fp/hard/libm.a
END GROUP
START GROUP
LOAD /opt/st/stm32cubeide_1.17.0/plugins/com.st.stm32cube.ide.mcu.externaltools.gnu-tools-for-stm32.12.3.rel1.linux64_1.1.0.202410170702/tools/bin/../lib/gcc/arm-none-eabi/12.3.1/thumb/v7e-m+fp/hard/libgcc.a
LOAD /opt/st/stm32cubeide_1.17.0/plugins/com.st.stm32cube.ide.mcu.externaltools.gnu-tools-for-stm32.12.3.rel1.linux64_1.1.0.202410170702/tools/bin/../lib/gcc/arm-none-eabi/12.3.1/../../../../arm-none-eabi/lib/thumb/v7e-m+fp/hard/libc_nano.a
END GROUP
START GROUP
LOAD /opt/st/stm32cubeide_1.17.0/plugins/com.st.stm32cube.ide.mcu.externaltools.gnu-tools-for-stm32.12.3.rel1.linux64_1.1.0.202410170702/tools/bin/../lib/gcc/arm-none-eabi/12.3.1/thumb/v7e-m+fp/hard/libgcc.a
LOAD /opt/st/stm32cubeide_1.17.0/plugins/com.st.stm32cube.ide.mcu.externaltools.gnu-tools-for-stm32.12.3.rel1.linux64_1.1.0.202410170702/tools/bin/../lib/gcc/arm-none-eabi/12.3.1/../../../../arm-none-eabi/lib/thumb/v7e-m+fp/hard/libc_nano.a
LOAD /opt/st/stm32cubeide_1.17.0/plugins/com.st.stm32cube.ide.mcu.externaltools.gnu-tools-for-stm32.12.3.rel1.linux64_1.1.0.202410170702/tools/bin/../lib/gcc/arm-none-eabi/12.3.1/../../../../arm-none-eabi/lib/thumb/v7e-m+fp/hard/libnosys.a
END GROUP
START GROUP
LOAD /opt/st/stm32cubeide_1.17.0/plugins/com.st.stm32cube.ide.mcu.externaltools.gnu-tools-for-stm32.12.3.rel1.linux64_1.1.0.202410170702/tools/bin/../lib/gcc/arm-none-eabi/12.3.1/thumb/v7e-m+fp/hard/libgcc.a
LOAD /opt/st/stm32cubeide_1.17.0/plugins/com.st.stm32cube.ide.mcu.externaltools.gnu-tools-for-stm32.12.3.rel1.linux64_1.1.0.202410170702/tools/bin/../lib/gcc/arm-none-eabi/12.3.1/../../../../arm-none-eabi/lib/thumb/v7e-m+fp/hard/libc_nano.a
LOAD /opt/st/stm32cubeide_1.17.0/plugins/com.st.stm32cube.ide.mcu.externaltools.gnu-tools-for-stm32.12.3.rel1.linux64_1.1.0.202410170702/tools/bin/../lib/gcc/arm-none-eabi/12.3.1/../../../../arm-none-eabi/lib/thumb/v7e-m+fp/hard/libnosys.a
END GROUP
LOAD /opt/st/stm32cubeide_1.17.0/plugins/com.st.stm32cube.ide.mcu.externaltools.gnu-tools-for-stm32.12.3.rel1.linux64_1.1.0.202410170702/tools/bin/../lib/gcc/arm-none-eabi/12.3.1/thumb/v7e-m+fp/hard/crtend.o
LOAD /opt/st/stm32cubeide_1.17.0/plugins/com.st.stm32cube.ide.mcu.externaltools.gnu-tools-for-stm32.12.3.rel1.linux64_1.1.0.202410170702/tools/bin/../lib/gcc/arm-none-eabi/12.3.1/thumb/v7e-m+fp/hard/crtn.o
                0x20020000                        _estack = (ORIGIN (RAM) + LENGTH (RAM))
                0x00000200                        _Min_Heap_Size = 0x200
                0x00000400                        _Min_Stack_Size = 0x400

.isr_vector     0x08000000      0x1c4
                0x08000000                        . = ALIGN (0x4)
 *(.isr_vector)
 .isr_vector    0x08000000      0x1c4 ./Core/Startup/startup_stm32f446retx.o
                0x08000000                g_pfnVectors
                0x080001c4                        . = ALIGN (0x4)

.text           0x080001c4     0x62bc
                0x080001c4                        . = ALIGN (0x4)
 *(.text)
 .text          0x080001c4       0x40 /opt/st/stm32cubeide_1.17.0/plugins/com.st.stm32cube.ide.mcu.externaltools.gnu-tools-for-stm32.12.3.rel1.linux64_1.1.0.202410170702/tools/bin/../lib/gcc/arm-none-eabi/12.3.1/thumb/v7e-m+fp/hard/crtbegin.o
 .text          0x08000204       0x30 /opt/st/stm32cubeide_1.17.0/plugins/com.st.stm32cube.ide.mcu.externaltools.gnu-tools-for-stm32.12.3.rel1.linux64_1.1.0.202410170702/tools/bin/../lib/gcc/arm-none-eabi/12.3.1/thumb/v7e-m+fp/hard/libgcc.a(_aeabi_uldivmod.o)
                0x08000204                __aeabi_uldivmod
 .text          0x08000234      0x2bc /opt/st/stm32cubeide_1.17.0/plugins/com.st.stm32cube.ide.mcu.externaltools.gnu-tools-for-stm32.12.3.rel1.linux64_1.1.0.202410170702/tools/bin/../lib/gcc/arm-none-eabi/12.3.1/thumb/v7e-m+fp/hard/libgcc.a(_udivmoddi4.o)
                0x08000234                __udivmoddi4
 .text          0x080004f0        0x4 /opt/st/stm32cubeide_1.17.0/plugins/com.st.stm32cube.ide.mcu.externaltools.gnu-tools-for-stm32.12.3.rel1.linux64_1.1.0.202410170702/tools/bin/../lib/gcc/arm-none-eabi/12.3.1/thumb/v7e-m+fp/hard/libgcc.a(_dvmd_tls.o)
                0x080004f0                __aeabi_ldiv0
                0x080004f0                __aeabi_idiv0
 *(.text*)
 .text.MX_GPIO_Init
                0x080004f4       0xdc ./Core/Src/gpio.o
                0x080004f4                MX_GPIO_Init
 .text.HAL_UART_RxCpltCallback
                0x080005d0       0x5c ./Core/Src/main.o
                0x080005d0                HAL_UART_RxCpltCallback
 .text.main     0x0800062c       0x2c ./Core/Src/main.o
                0x0800062c                main
 .text.SystemClock_Config
                0x08000658       0xd8 ./Core/Src/main.o
                0x08000658                SystemClock_Config
 .text.Error_Handler
                0x08000730        0xc ./Core/Src/main.o
                0x08000730                Error_Handler
 .text.HAL_MspInit
                0x0800073c       0x50 ./Core/Src/stm32f4xx_hal_msp.o
                0x0800073c                HAL_MspInit
 .text.NMI_Handler
                0x0800078c        0x8 ./Core/Src/stm32f4xx_it.o
                0x0800078c                NMI_Handler
 .text.HardFault_Handler
                0x08000794        0x8 ./Core/Src/stm32f4xx_it.o
                0x08000794                HardFault_Handler
 .text.MemManage_Handler
                0x0800079c        0x8 ./Core/Src/stm32f4xx_it.o
                0x0800079c                MemManage_Handler
 .text.BusFault_Handler
                0x080007a4        0x8 ./Core/Src/stm32f4xx_it.o
                0x080007a4                BusFault_Handler
 .text.UsageFault_Handler
                0x080007ac        0x8 ./Core/Src/stm32f4xx_it.o
                0x080007ac                UsageFault_Handler
 .text.SVC_Handler
                0x080007b4        0xe ./Core/Src/stm32f4xx_it.o
                0x080007b4                SVC_Handler
 .text.DebugMon_Handler
                0x080007c2        0xe ./Core/Src/stm32f4xx_it.o
                0x080007c2                DebugMon_Handler
 .text.PendSV_Handler
                0x080007d0        0xe ./Core/Src/stm32f4xx_it.o
                0x080007d0                PendSV_Handler
 .text.SysTick_Handler
                0x080007de        0xc ./Core/Src/stm32f4xx_it.o
                0x080007de                SysTick_Handler
 *fill*         0x080007ea        0x2 
 .text.USART2_IRQHandler
                0x080007ec       0x14 ./Core/Src/stm32f4xx_it.o
                0x080007ec                USART2_IRQHandler
 .text.OTG_FS_IRQHandler
                0x08000800       0x14 ./Core/Src/stm32f4xx_it.o
                0x08000800                OTG_FS_IRQHandler
 .text.SystemInit
                0x08000814       0x24 ./Core/Src/system_stm32f4xx.o
                0x08000814                SystemInit
 .text.MX_USART2_UART_Init
                0x08000838       0x54 ./Core/Src/usart.o
                0x08000838                MX_USART2_UART_Init
 .text.HAL_UART_MspInit
                0x0800088c       0xa0 ./Core/Src/usart.o
                0x0800088c                HAL_UART_MspInit
 .text.Reset_Handler
                0x0800092c       0x50 ./Core/Startup/startup_stm32f446retx.o
                0x0800092c                Reset_Handler
 .text.Default_Handler
                0x0800097c        0x2 ./Core/Startup/startup_stm32f446retx.o
                0x0800097c                RTC_Alarm_IRQHandler
                0x0800097c                EXTI2_IRQHandler
                0x0800097c                TIM8_CC_IRQHandler
                0x0800097c                FMPI2C1_EV_IRQHandler
                0x0800097c                SPI4_IRQHandler
                0x0800097c                TIM1_CC_IRQHandler
                0x0800097c                DMA2_Stream5_IRQHandler
                0x0800097c                DMA1_Stream5_IRQHandler
                0x0800097c                PVD_IRQHandler
                0x0800097c                SDIO_IRQHandler
                0x0800097c                TAMP_STAMP_IRQHandler
                0x0800097c                CAN2_RX1_IRQHandler
                0x0800097c                EXTI3_IRQHandler
                0x0800097c                TIM8_TRG_COM_TIM14_IRQHandler
                0x0800097c                TIM1_UP_TIM10_IRQHandler
                0x0800097c                TIM8_UP_TIM13_IRQHandler
                0x0800097c                I2C3_ER_IRQHandler
                0x0800097c                EXTI0_IRQHandler
                0x0800097c                I2C2_EV_IRQHandler
                0x0800097c                DMA1_Stream2_IRQHandler
                0x0800097c                CAN1_RX0_IRQHandler
                0x0800097c                FPU_IRQHandler
                0x0800097c                OTG_HS_WKUP_IRQHandler
                0x0800097c                CAN2_SCE_IRQHandler
                0x0800097c                DMA2_Stream2_IRQHandler
                0x0800097c                SPI1_IRQHandler
                0x0800097c                TIM6_DAC_IRQHandler
                0x0800097c                TIM1_BRK_TIM9_IRQHandler
                0x0800097c                DCMI_IRQHandler
                0x0800097c                CAN2_RX0_IRQHandler
                0x0800097c                DMA2_Stream3_IRQHandler
                0x0800097c                SAI2_IRQHandler
                0x0800097c                USART6_IRQHandler
                0x0800097c                USART3_IRQHandler
                0x0800097c                CAN1_RX1_IRQHandler
                0x0800097c                UART5_IRQHandler
                0x0800097c                DMA2_Stream0_IRQHandler
                0x0800097c                TIM4_IRQHandler
                0x0800097c                QUADSPI_IRQHandler
                0x0800097c                I2C1_EV_IRQHandler
                0x0800097c                DMA1_Stream6_IRQHandler
                0x0800097c                DMA1_Stream1_IRQHandler
                0x0800097c                UART4_IRQHandler
                0x0800097c                TIM3_IRQHandler
                0x0800097c                RCC_IRQHandler
                0x0800097c                TIM8_BRK_TIM12_IRQHandler
                0x0800097c                Default_Handler
                0x0800097c                CEC_IRQHandler
                0x0800097c                EXTI15_10_IRQHandler
                0x0800097c                ADC_IRQHandler
                0x0800097c                DMA1_Stream7_IRQHandler
                0x0800097c                TIM7_IRQHandler
                0x0800097c                CAN2_TX_IRQHandler
                0x0800097c                TIM5_IRQHandler
                0x0800097c                DMA2_Stream7_IRQHandler
                0x0800097c                I2C3_EV_IRQHandler
                0x0800097c                EXTI9_5_IRQHandler
                0x0800097c                RTC_WKUP_IRQHandler
                0x0800097c                SPDIF_RX_IRQHandler
                0x0800097c                SPI2_IRQHandler
                0x0800097c                OTG_HS_EP1_IN_IRQHandler
                0x0800097c                DMA1_Stream0_IRQHandler
                0x0800097c                CAN1_TX_IRQHandler
                0x0800097c                FMPI2C1_ER_IRQHandler
                0x0800097c                EXTI4_IRQHandler
                0x0800097c                OTG_HS_EP1_OUT_IRQHandler
                0x0800097c                WWDG_IRQHandler
                0x0800097c                TIM2_IRQHandler
                0x0800097c                OTG_FS_WKUP_IRQHandler
                0x0800097c                TIM1_TRG_COM_TIM11_IRQHandler
                0x0800097c                OTG_HS_IRQHandler
                0x0800097c                EXTI1_IRQHandler
                0x0800097c                I2C2_ER_IRQHandler
                0x0800097c                DMA2_Stream1_IRQHandler
                0x0800097c                CAN1_SCE_IRQHandler
                0x0800097c                FLASH_IRQHandler
                0x0800097c                DMA2_Stream4_IRQHandler
                0x0800097c                USART1_IRQHandler
                0x0800097c                SPI3_IRQHandler
                0x0800097c                DMA1_Stream4_IRQHandler
                0x0800097c                I2C1_ER_IRQHandler
                0x0800097c                FMC_IRQHandler
                0x0800097c                DMA2_Stream6_IRQHandler
                0x0800097c                SAI1_IRQHandler
                0x0800097c                DMA1_Stream3_IRQHandler
 *fill*         0x0800097e        0x2 
 .text.HAL_Init
                0x08000980       0x44 ./Drivers/STM32F4xx_HAL_Driver/Src/stm32f4xx_hal.o
                0x08000980                HAL_Init
 .text.HAL_InitTick
                0x080009c4       0x60 ./Drivers/STM32F4xx_HAL_Driver/Src/stm32f4xx_hal.o
                0x080009c4                HAL_InitTick
 .text.HAL_IncTick
                0x08000a24       0x28 ./Drivers/STM32F4xx_HAL_Driver/Src/stm32f4xx_hal.o
                0x08000a24                HAL_IncTick
 .text.HAL_GetTick
                0x08000a4c       0x18 ./Drivers/STM32F4xx_HAL_Driver/Src/stm32f4xx_hal.o
                0x08000a4c                HAL_GetTick
 .text.__NVIC_SetPriorityGrouping
                0x08000a64       0x48 ./Drivers/STM32F4xx_HAL_Driver/Src/stm32f4xx_hal_cortex.o
 .text.__NVIC_GetPriorityGrouping
                0x08000aac       0x1c ./Drivers/STM32F4xx_HAL_Driver/Src/stm32f4xx_hal_cortex.o
 .text.__NVIC_EnableIRQ
                0x08000ac8       0x3c ./Drivers/STM32F4xx_HAL_Driver/Src/stm32f4xx_hal_cortex.o
 .text.__NVIC_SetPriority
                0x08000b04       0x54 ./Drivers/STM32F4xx_HAL_Driver/Src/stm32f4xx_hal_cortex.o
 .text.NVIC_EncodePriority
                0x08000b58       0x66 ./Drivers/STM32F4xx_HAL_Driver/Src/stm32f4xx_hal_cortex.o
 *fill*         0x08000bbe        0x2 
 .text.SysTick_Config
                0x08000bc0       0x44 ./Drivers/STM32F4xx_HAL_Driver/Src/stm32f4xx_hal_cortex.o
 .text.HAL_NVIC_SetPriorityGrouping
                0x08000c04       0x16 ./Drivers/STM32F4xx_HAL_Driver/Src/stm32f4xx_hal_cortex.o
                0x08000c04                HAL_NVIC_SetPriorityGrouping
 .text.HAL_NVIC_SetPriority
                0x08000c1a       0x38 ./Drivers/STM32F4xx_HAL_Driver/Src/stm32f4xx_hal_cortex.o
                0x08000c1a                HAL_NVIC_SetPriority
 .text.HAL_NVIC_EnableIRQ
                0x08000c52       0x1c ./Drivers/STM32F4xx_HAL_Driver/Src/stm32f4xx_hal_cortex.o
                0x08000c52                HAL_NVIC_EnableIRQ
 .text.HAL_SYSTICK_Config
                0x08000c6e       0x18 ./Drivers/STM32F4xx_HAL_Driver/Src/stm32f4xx_hal_cortex.o
                0x08000c6e                HAL_SYSTICK_Config
 .text.HAL_DMA_Abort
                0x08000c86       0xe0 ./Drivers/STM32F4xx_HAL_Driver/Src/stm32f4xx_hal_dma.o
                0x08000c86                HAL_DMA_Abort
 .text.HAL_DMA_Abort_IT
                0x08000d66       0x44 ./Drivers/STM32F4xx_HAL_Driver/Src/stm32f4xx_hal_dma.o
                0x08000d66                HAL_DMA_Abort_IT
 *fill*         0x08000daa        0x2 
 .text.HAL_GPIO_Init
                0x08000dac      0x328 ./Drivers/STM32F4xx_HAL_Driver/Src/stm32f4xx_hal_gpio.o
                0x08000dac                HAL_GPIO_Init
 .text.HAL_GPIO_WritePin
                0x080010d4       0x32 ./Drivers/STM32F4xx_HAL_Driver/Src/stm32f4xx_hal_gpio.o
                0x080010d4                HAL_GPIO_WritePin
 .text.HAL_PCD_IRQHandler
                0x08001106      0x99c ./Drivers/STM32F4xx_HAL_Driver/Src/stm32f4xx_hal_pcd.o
                0x08001106                HAL_PCD_IRQHandler
 .text.HAL_PCD_SetAddress
                0x08001aa2       0x48 ./Drivers/STM32F4xx_HAL_Driver/Src/stm32f4xx_hal_pcd.o
                0x08001aa2                HAL_PCD_SetAddress
 .text.HAL_PCD_EP_Open
                0x08001aea       0xd4 ./Drivers/STM32F4xx_HAL_Driver/Src/stm32f4xx_hal_pcd.o
                0x08001aea                HAL_PCD_EP_Open
 .text.HAL_PCD_EP_Receive
                0x08001bbe       0x76 ./Drivers/STM32F4xx_HAL_Driver/Src/stm32f4xx_hal_pcd.o
                0x08001bbe                HAL_PCD_EP_Receive
 .text.HAL_PCD_EP_Transmit
                0x08001c34       0x74 ./Drivers/STM32F4xx_HAL_Driver/Src/stm32f4xx_hal_pcd.o
                0x08001c34                HAL_PCD_EP_Transmit
 .text.HAL_PCD_EP_SetStall
                0x08001ca8       0xc6 ./Drivers/STM32F4xx_HAL_Driver/Src/stm32f4xx_hal_pcd.o
                0x08001ca8                HAL_PCD_EP_SetStall
 .text.HAL_PCD_EP_ClrStall
                0x08001d6e       0xac ./Drivers/STM32F4xx_HAL_Driver/Src/stm32f4xx_hal_pcd.o
                0x08001d6e                HAL_PCD_EP_ClrStall
 .text.HAL_PCD_EP_Abort
                0x08001e1a       0x62 ./Drivers/STM32F4xx_HAL_Driver/Src/stm32f4xx_hal_pcd.o
                0x08001e1a                HAL_PCD_EP_Abort
 .text.PCD_WriteEmptyTxFifo
                0x08001e7c      0x118 ./Drivers/STM32F4xx_HAL_Driver/Src/stm32f4xx_hal_pcd.o
 .text.PCD_EP_OutXfrComplete_int
                0x08001f94      0x1d0 ./Drivers/STM32F4xx_HAL_Driver/Src/stm32f4xx_hal_pcd.o
 .text.PCD_EP_OutSetupPacket_int
                0x08002164       0x8c ./Drivers/STM32F4xx_HAL_Driver/Src/stm32f4xx_hal_pcd.o
 .text.HAL_RCC_ClockConfig
                0x080021f0      0x1cc ./Drivers/STM32F4xx_HAL_Driver/Src/stm32f4xx_hal_rcc.o
                0x080021f0                HAL_RCC_ClockConfig
 .text.HAL_RCC_GetHCLKFreq
                0x080023bc       0x18 ./Drivers/STM32F4xx_HAL_Driver/Src/stm32f4xx_hal_rcc.o
                0x080023bc                HAL_RCC_GetHCLKFreq
 .text.HAL_RCC_GetPCLK1Freq
                0x080023d4       0x28 ./Drivers/STM32F4xx_HAL_Driver/Src/stm32f4xx_hal_rcc.o
                0x080023d4                HAL_RCC_GetPCLK1Freq
 .text.HAL_RCC_GetPCLK2Freq
                0x080023fc       0x28 ./Drivers/STM32F4xx_HAL_Driver/Src/stm32f4xx_hal_rcc.o
                0x080023fc                HAL_RCC_GetPCLK2Freq
 .text.HAL_RCC_GetSysClockFreq
                0x08002424      0x460 ./Drivers/STM32F4xx_HAL_Driver/Src/stm32f4xx_hal_rcc_ex.o
                0x08002424                HAL_RCC_GetSysClockFreq
 .text.HAL_RCC_OscConfig
                0x08002884      0x53c ./Drivers/STM32F4xx_HAL_Driver/Src/stm32f4xx_hal_rcc_ex.o
                0x08002884                HAL_RCC_OscConfig
 .text.HAL_UART_Init
                0x08002dc0       0xa0 ./Drivers/STM32F4xx_HAL_Driver/Src/stm32f4xx_hal_uart.o
                0x08002dc0                HAL_UART_Init
 .text.HAL_UART_Receive_IT
                0x08002e60       0x4a ./Drivers/STM32F4xx_HAL_Driver/Src/stm32f4xx_hal_uart.o
                0x08002e60                HAL_UART_Receive_IT
 *fill*         0x08002eaa        0x2 
 .text.HAL_UART_IRQHandler
                0x08002eac      0x524 ./Drivers/STM32F4xx_HAL_Driver/Src/stm32f4xx_hal_uart.o
                0x08002eac                HAL_UART_IRQHandler
 .text.HAL_UART_TxCpltCallback
                0x080033d0       0x14 ./Drivers/STM32F4xx_HAL_Driver/Src/stm32f4xx_hal_uart.o
                0x080033d0                HAL_UART_TxCpltCallback
 .text.HAL_UART_ErrorCallback
                0x080033e4       0x14 ./Drivers/STM32F4xx_HAL_Driver/Src/stm32f4xx_hal_uart.o
                0x080033e4                HAL_UART_ErrorCallback
 .text.HAL_UARTEx_RxEventCallback
                0x080033f8       0x18 ./Drivers/STM32F4xx_HAL_Driver/Src/stm32f4xx_hal_uart.o
                0x080033f8                HAL_UARTEx_RxEventCallback
 .text.UART_Start_Receive_IT
                0x08003410       0x74 ./Drivers/STM32F4xx_HAL_Driver/Src/stm32f4xx_hal_uart.o
                0x08003410                UART_Start_Receive_IT
 .text.UART_EndRxTransfer
                0x08003484       0xc6 ./Drivers/STM32F4xx_HAL_Driver/Src/stm32f4xx_hal_uart.o
 .text.UART_DMAAbortOnError
                0x0800354a       0x28 ./Drivers/STM32F4xx_HAL_Driver/Src/stm32f4xx_hal_uart.o
 .text.UART_Transmit_IT
                0x08003572       0xa0 ./Drivers/STM32F4xx_HAL_Driver/Src/stm32f4xx_hal_uart.o
 .text.UART_EndTransmit_IT
                0x08003612       0x30 ./Drivers/STM32F4xx_HAL_Driver/Src/stm32f4xx_hal_uart.o
 .text.UART_Receive_IT
                0x08003642      0x17c ./Drivers/STM32F4xx_HAL_Driver/Src/stm32f4xx_hal_uart.o
 *fill*         0x080037be        0x2 
 .text.UART_SetConfig
                0x080037c0      0x4e8 ./Drivers/STM32F4xx_HAL_Driver/Src/stm32f4xx_hal_uart.o
 .text.USB_SetTurnaroundTime
                0x08003ca8      0x144 ./Drivers/STM32F4xx_HAL_Driver/Src/stm32f4xx_ll_usb.o
                0x08003ca8                USB_SetTurnaroundTime
 .text.USB_FlushTxFifo
                0x08003dec       0x64 ./Drivers/STM32F4xx_HAL_Driver/Src/stm32f4xx_ll_usb.o
                0x08003dec                USB_FlushTxFifo
 .text.USB_GetDevSpeed
                0x08003e50       0x4a ./Drivers/STM32F4xx_HAL_Driver/Src/stm32f4xx_ll_usb.o
                0x08003e50                USB_GetDevSpeed
 .text.USB_ActivateEndpoint
                0x08003e9a      0x10e ./Drivers/STM32F4xx_HAL_Driver/Src/stm32f4xx_ll_usb.o
                0x08003e9a                USB_ActivateEndpoint
 .text.USB_EPStartXfer
                0x08003fa8      0x53c ./Drivers/STM32F4xx_HAL_Driver/Src/stm32f4xx_ll_usb.o
                0x08003fa8                USB_EPStartXfer
 .text.USB_EPStopXfer
                0x080044e4      0x154 ./Drivers/STM32F4xx_HAL_Driver/Src/stm32f4xx_ll_usb.o
                0x080044e4                USB_EPStopXfer
 .text.USB_WritePacket
                0x08004638       0x7c ./Drivers/STM32F4xx_HAL_Driver/Src/stm32f4xx_ll_usb.o
                0x08004638                USB_WritePacket
 .text.USB_ReadPacket
                0x080046b4       0xb0 ./Drivers/STM32F4xx_HAL_Driver/Src/stm32f4xx_ll_usb.o
                0x080046b4                USB_ReadPacket
 .text.USB_EPSetStall
                0x08004764       0xdc ./Drivers/STM32F4xx_HAL_Driver/Src/stm32f4xx_ll_usb.o
                0x08004764                USB_EPSetStall
 .text.USB_EPClearStall
                0x08004840       0xcc ./Drivers/STM32F4xx_HAL_Driver/Src/stm32f4xx_ll_usb.o
                0x08004840                USB_EPClearStall
 .text.USB_SetDevAddress
                0x0800490c       0x4c ./Drivers/STM32F4xx_HAL_Driver/Src/stm32f4xx_ll_usb.o
                0x0800490c                USB_SetDevAddress
 .text.USB_ReadInterrupts
                0x08004958       0x26 ./Drivers/STM32F4xx_HAL_Driver/Src/stm32f4xx_ll_usb.o
                0x08004958                USB_ReadInterrupts
 .text.USB_ReadDevAllOutEpInterrupt
                0x0800497e       0x34 ./Drivers/STM32F4xx_HAL_Driver/Src/stm32f4xx_ll_usb.o
                0x0800497e                USB_ReadDevAllOutEpInterrupt
 .text.USB_ReadDevAllInEpInterrupt
                0x080049b2       0x34 ./Drivers/STM32F4xx_HAL_Driver/Src/stm32f4xx_ll_usb.o
                0x080049b2                USB_ReadDevAllInEpInterrupt
 .text.USB_ReadDevOutEPInterrupt
                0x080049e6       0x3c ./Drivers/STM32F4xx_HAL_Driver/Src/stm32f4xx_ll_usb.o
                0x080049e6                USB_ReadDevOutEPInterrupt
 .text.USB_ReadDevInEPInterrupt
                0x08004a22       0x5c ./Drivers/STM32F4xx_HAL_Driver/Src/stm32f4xx_ll_usb.o
                0x08004a22                USB_ReadDevInEPInterrupt
 .text.USB_GetMode
                0x08004a7e       0x1c ./Drivers/STM32F4xx_HAL_Driver/Src/stm32f4xx_ll_usb.o
                0x08004a7e                USB_GetMode
 .text.USB_ActivateSetup
                0x08004a9a       0x46 ./Drivers/STM32F4xx_HAL_Driver/Src/stm32f4xx_ll_usb.o
                0x08004a9a                USB_ActivateSetup
 .text.USB_EP0_OutStart
                0x08004ae0       0xbc ./Drivers/STM32F4xx_HAL_Driver/Src/stm32f4xx_ll_usb.o
                0x08004ae0                USB_EP0_OutStart
 .text.USBD_RunTestMode
                0x08004b9c       0x16 ./Middlewares/ST/STM32_USB_Device_Library/Core/Src/usbd_core.o
                0x08004b9c                USBD_RunTestMode
 .text.USBD_SetClassConfig
                0x08004bb2       0x38 ./Middlewares/ST/STM32_USB_Device_Library/Core/Src/usbd_core.o
                0x08004bb2                USBD_SetClassConfig
 .text.USBD_ClrClassConfig
                0x08004bea       0x34 ./Middlewares/ST/STM32_USB_Device_Library/Core/Src/usbd_core.o
                0x08004bea                USBD_ClrClassConfig
 .text.USBD_LL_SetupStage
                0x08004c1e       0xaa ./Middlewares/ST/STM32_USB_Device_Library/Core/Src/usbd_core.o
                0x08004c1e                USBD_LL_SetupStage
 .text.USBD_LL_DataOutStage
                0x08004cc8      0x166 ./Middlewares/ST/STM32_USB_Device_Library/Core/Src/usbd_core.o
                0x08004cc8                USBD_LL_DataOutStage
 .text.USBD_LL_DataInStage
                0x08004e2e      0x164 ./Middlewares/ST/STM32_USB_Device_Library/Core/Src/usbd_core.o
                0x08004e2e                USBD_LL_DataInStage
 .text.USBD_LL_Reset
                0x08004f92       0xa4 ./Middlewares/ST/STM32_USB_Device_Library/Core/Src/usbd_core.o
                0x08004f92                USBD_LL_Reset
 .text.USBD_LL_SetSpeed
                0x08005036       0x20 ./Middlewares/ST/STM32_USB_Device_Library/Core/Src/usbd_core.o
                0x08005036                USBD_LL_SetSpeed
 .text.USBD_LL_Suspend
                0x08005056       0x38 ./Middlewares/ST/STM32_USB_Device_Library/Core/Src/usbd_core.o
                0x08005056                USBD_LL_Suspend
 .text.USBD_LL_Resume
                0x0800508e       0x30 ./Middlewares/ST/STM32_USB_Device_Library/Core/Src/usbd_core.o
                0x0800508e                USBD_LL_Resume
 .text.USBD_LL_SOF
                0x080050be       0x40 ./Middlewares/ST/STM32_USB_Device_Library/Core/Src/usbd_core.o
                0x080050be                USBD_LL_SOF
 .text.USBD_LL_IsoINIncomplete
                0x080050fe       0x64 ./Middlewares/ST/STM32_USB_Device_Library/Core/Src/usbd_core.o
                0x080050fe                USBD_LL_IsoINIncomplete
 .text.USBD_LL_IsoOUTIncomplete
                0x08005162       0x64 ./Middlewares/ST/STM32_USB_Device_Library/Core/Src/usbd_core.o
                0x08005162                USBD_LL_IsoOUTIncomplete
 .text.USBD_LL_DevConnected
                0x080051c6       0x16 ./Middlewares/ST/STM32_USB_Device_Library/Core/Src/usbd_core.o
                0x080051c6                USBD_LL_DevConnected
 .text.USBD_LL_DevDisconnected
                0x080051dc       0x46 ./Middlewares/ST/STM32_USB_Device_Library/Core/Src/usbd_core.o
                0x080051dc                USBD_LL_DevDisconnected
 .text.USBD_CoreFindIF
                0x08005222       0x1a ./Middlewares/ST/STM32_USB_Device_Library/Core/Src/usbd_core.o
                0x08005222                USBD_CoreFindIF
 .text.USBD_CoreFindEP
                0x0800523c       0x1a ./Middlewares/ST/STM32_USB_Device_Library/Core/Src/usbd_core.o
                0x0800523c                USBD_CoreFindEP
 .text.SWAPBYTE
                0x08005256       0x3c ./Middlewares/ST/STM32_USB_Device_Library/Core/Src/usbd_ctlreq.o
 *fill*         0x08005292        0x2 
 .text.USBD_StdDevReq
                0x08005294       0xe4 ./Middlewares/ST/STM32_USB_Device_Library/Core/Src/usbd_ctlreq.o
                0x08005294                USBD_StdDevReq
 .text.USBD_StdItfReq
                0x08005378       0xd8 ./Middlewares/ST/STM32_USB_Device_Library/Core/Src/usbd_ctlreq.o
                0x08005378                USBD_StdItfReq
 .text.USBD_StdEPReq
                0x08005450      0x33a ./Middlewares/ST/STM32_USB_Device_Library/Core/Src/usbd_ctlreq.o
                0x08005450                USBD_StdEPReq
 *fill*         0x0800578a        0x2 
 .text.USBD_GetDescriptor
                0x0800578c      0x328 ./Middlewares/ST/STM32_USB_Device_Library/Core/Src/usbd_ctlreq.o
 .text.USBD_SetAddress
                0x08005ab4       0x88 ./Middlewares/ST/STM32_USB_Device_Library/Core/Src/usbd_ctlreq.o
 .text.USBD_SetConfig
                0x08005b3c      0x154 ./Middlewares/ST/STM32_USB_Device_Library/Core/Src/usbd_ctlreq.o
 .text.USBD_GetConfig
                0x08005c90       0x6c ./Middlewares/ST/STM32_USB_Device_Library/Core/Src/usbd_ctlreq.o
 .text.USBD_GetStatus
                0x08005cfc       0x68 ./Middlewares/ST/STM32_USB_Device_Library/Core/Src/usbd_ctlreq.o
 .text.USBD_SetFeature
                0x08005d64       0x52 ./Middlewares/ST/STM32_USB_Device_Library/Core/Src/usbd_ctlreq.o
 .text.USBD_ClrFeature
                0x08005db6       0x44 ./Middlewares/ST/STM32_USB_Device_Library/Core/Src/usbd_ctlreq.o
 .text.USBD_ParseSetupRequest
                0x08005dfa       0x74 ./Middlewares/ST/STM32_USB_Device_Library/Core/Src/usbd_ctlreq.o
                0x08005dfa                USBD_ParseSetupRequest
 .text.USBD_CtlError
                0x08005e6e       0x22 ./Middlewares/ST/STM32_USB_Device_Library/Core/Src/usbd_ctlreq.o
                0x08005e6e                USBD_CtlError
 .text.USBD_CtlSendData
                0x08005e90       0x36 ./Middlewares/ST/STM32_USB_Device_Library/Core/Src/usbd_ioreq.o
                0x08005e90                USBD_CtlSendData
 .text.USBD_CtlContinueSendData
                0x08005ec6       0x22 ./Middlewares/ST/STM32_USB_Device_Library/Core/Src/usbd_ioreq.o
                0x08005ec6                USBD_CtlContinueSendData
 .text.USBD_CtlContinueRx
                0x08005ee8       0x22 ./Middlewares/ST/STM32_USB_Device_Library/Core/Src/usbd_ioreq.o
                0x08005ee8                USBD_CtlContinueRx
 .text.USBD_CtlSendStatus
                0x08005f0a       0x26 ./Middlewares/ST/STM32_USB_Device_Library/Core/Src/usbd_ioreq.o
                0x08005f0a                USBD_CtlSendStatus
 .text.USBD_CtlReceiveStatus
                0x08005f30       0x26 ./Middlewares/ST/STM32_USB_Device_Library/Core/Src/usbd_ioreq.o
                0x08005f30                USBD_CtlReceiveStatus
 .text.HAL_PCD_SetupStageCallback
                0x08005f56       0x24 ./USB_DEVICE/Target/usbd_conf.o
                0x08005f56                HAL_PCD_SetupStageCallback
 .text.HAL_PCD_DataOutStageCallback
                0x08005f7a       0x36 ./USB_DEVICE/Target/usbd_conf.o
                0x08005f7a                HAL_PCD_DataOutStageCallback
 .text.HAL_PCD_DataInStageCallback
                0x08005fb0       0x34 ./USB_DEVICE/Target/usbd_conf.o
                0x08005fb0                HAL_PCD_DataInStageCallback
 .text.HAL_PCD_SOFCallback
                0x08005fe4       0x1c ./USB_DEVICE/Target/usbd_conf.o
                0x08005fe4                HAL_PCD_SOFCallback
 .text.HAL_PCD_ResetCallback
                0x08006000       0x50 ./USB_DEVICE/Target/usbd_conf.o
                0x08006000                HAL_PCD_ResetCallback
 .text.HAL_PCD_SuspendCallback
                0x08006050       0x4c ./USB_DEVICE/Target/usbd_conf.o
                0x08006050                HAL_PCD_SuspendCallback
 .text.HAL_PCD_ResumeCallback
                0x0800609c       0x1c ./USB_DEVICE/Target/usbd_conf.o
                0x0800609c                HAL_PCD_ResumeCallback
 .text.HAL_PCD_ISOOUTIncompleteCallback
                0x080060b8       0x24 ./USB_DEVICE/Target/usbd_conf.o
                0x080060b8                HAL_PCD_ISOOUTIncompleteCallback
 .text.HAL_PCD_ISOINIncompleteCallback
                0x080060dc       0x24 ./USB_DEVICE/Target/usbd_conf.o
                0x080060dc                HAL_PCD_ISOINIncompleteCallback
 .text.HAL_PCD_ConnectCallback
                0x08006100       0x1c ./USB_DEVICE/Target/usbd_conf.o
                0x08006100                HAL_PCD_ConnectCallback
 .text.HAL_PCD_DisconnectCallback
                0x0800611c       0x1c ./USB_DEVICE/Target/usbd_conf.o
                0x0800611c                HAL_PCD_DisconnectCallback
 .text.USBD_LL_OpenEP
                0x08006138       0x4c ./USB_DEVICE/Target/usbd_conf.o
                0x08006138                USBD_LL_OpenEP
 .text.USBD_LL_StallEP
                0x08006184       0x3e ./USB_DEVICE/Target/usbd_conf.o
                0x08006184                USBD_LL_StallEP
 .text.USBD_LL_ClearStallEP
                0x080061c2       0x3e ./USB_DEVICE/Target/usbd_conf.o
                0x080061c2                USBD_LL_ClearStallEP
 .text.USBD_LL_IsStallEP
                0x08006200       0x58 ./USB_DEVICE/Target/usbd_conf.o
                0x08006200                USBD_LL_IsStallEP
 .text.USBD_LL_SetUSBAddress
                0x08006258       0x3e ./USB_DEVICE/Target/usbd_conf.o
                0x08006258                USBD_LL_SetUSBAddress
 .text.USBD_LL_Transmit
                0x08006296       0x42 ./USB_DEVICE/Target/usbd_conf.o
                0x08006296                USBD_LL_Transmit
 .text.USBD_LL_PrepareReceive
                0x080062d8       0x42 ./USB_DEVICE/Target/usbd_conf.o
                0x080062d8                USBD_LL_PrepareReceive
 *fill*         0x0800631a        0x2 
 .text.HAL_PCDEx_LPM_Callback
                0x0800631c       0x9c ./USB_DEVICE/Target/usbd_conf.o
                0x0800631c                HAL_PCDEx_LPM_Callback
 .text.USBD_Get_USB_Status
                0x080063b8       0x58 ./USB_DEVICE/Target/usbd_conf.o
                0x080063b8                USBD_Get_USB_Status
 .text.memset   0x08006410       0x10 /opt/st/stm32cubeide_1.17.0/plugins/com.st.stm32cube.ide.mcu.externaltools.gnu-tools-for-stm32.12.3.rel1.linux64_1.1.0.202410170702/tools/bin/../lib/gcc/arm-none-eabi/12.3.1/../../../../arm-none-eabi/lib/thumb/v7e-m+fp/hard/libc_nano.a(libc_a-memset.o)
                0x08006410                memset
 .text.__libc_init_array
                0x08006420       0x48 /opt/st/stm32cubeide_1.17.0/plugins/com.st.stm32cube.ide.mcu.externaltools.gnu-tools-for-stm32.12.3.rel1.linux64_1.1.0.202410170702/tools/bin/../lib/gcc/arm-none-eabi/12.3.1/../../../../arm-none-eabi/lib/thumb/v7e-m+fp/hard/libc_nano.a(libc_a-init.o)
                0x08006420                __libc_init_array
 *(.glue_7)
 .glue_7        0x08006468        0x0 linker stubs
 *(.glue_7t)
 .glue_7t       0x08006468        0x0 linker stubs
 *(.eh_frame)
 .eh_frame      0x08006468        0x0 /opt/st/stm32cubeide_1.17.0/plugins/com.st.stm32cube.ide.mcu.externaltools.gnu-tools-for-stm32.12.3.rel1.linux64_1.1.0.202410170702/tools/bin/../lib/gcc/arm-none-eabi/12.3.1/thumb/v7e-m+fp/hard/crtbegin.o
 *(.init)
 .init          0x08006468        0x4 /opt/st/stm32cubeide_1.17.0/plugins/com.st.stm32cube.ide.mcu.externaltools.gnu-tools-for-stm32.12.3.rel1.linux64_1.1.0.202410170702/tools/bin/../lib/gcc/arm-none-eabi/12.3.1/thumb/v7e-m+fp/hard/crti.o
                0x08006468                _init
 .init          0x0800646c        0x8 /opt/st/stm32cubeide_1.17.0/plugins/com.st.stm32cube.ide.mcu.externaltools.gnu-tools-for-stm32.12.3.rel1.linux64_1.1.0.202410170702/tools/bin/../lib/gcc/arm-none-eabi/12.3.1/thumb/v7e-m+fp/hard/crtn.o
 *(.fini)
 .fini          0x08006474        0x4 /opt/st/stm32cubeide_1.17.0/plugins/com.st.stm32cube.ide.mcu.externaltools.gnu-tools-for-stm32.12.3.rel1.linux64_1.1.0.202410170702/tools/bin/../lib/gcc/arm-none-eabi/12.3.1/thumb/v7e-m+fp/hard/crti.o
                0x08006474                _fini
 .fini          0x08006478        0x8 /opt/st/stm32cubeide_1.17.0/plugins/com.st.stm32cube.ide.mcu.externaltools.gnu-tools-for-stm32.12.3.rel1.linux64_1.1.0.202410170702/tools/bin/../lib/gcc/arm-none-eabi/12.3.1/thumb/v7e-m+fp/hard/crtn.o
                0x08006480                        . = ALIGN (0x4)
                0x08006480                        _etext = .

.vfp11_veneer   0x08006480        0x0
 .vfp11_veneer  0x08006480        0x0 linker stubs

.v4_bx          0x08006480        0x0
 .v4_bx         0x08006480        0x0 linker stubs

.iplt           0x08006480        0x0
 .iplt          0x08006480        0x0 /opt/st/stm32cubeide_1.17.0/plugins/com.st.stm32cube.ide.mcu.externaltools.gnu-tools-for-stm32.12.3.rel1.linux64_1.1.0.202410170702/tools/bin/../lib/gcc/arm-none-eabi/12.3.1/thumb/v7e-m+fp/hard/crtbegin.o

.rodata         0x08006480       0x18
                0x08006480                        . = ALIGN (0x4)
 *(.rodata)
 *(.rodata*)
 .rodata.AHBPrescTable
                0x08006480       0x10 ./Core/Src/system_stm32f4xx.o
                0x08006480                AHBPrescTable
 .rodata.APBPrescTable
                0x08006490        0x8 ./Core/Src/system_stm32f4xx.o
                0x08006490                APBPrescTable
                0x08006498                        . = ALIGN (0x4)

.ARM.extab      0x08006498        0x0
                0x08006498                        . = ALIGN (0x4)
 *(.ARM.extab* .gnu.linkonce.armextab.*)
                0x08006498                        . = ALIGN (0x4)

.ARM            0x08006498        0x8
                0x08006498                        . = ALIGN (0x4)
                0x08006498                        __exidx_start = .
 *(.ARM.exidx*)
 .ARM.exidx     0x08006498        0x8 /opt/st/stm32cubeide_1.17.0/plugins/com.st.stm32cube.ide.mcu.externaltools.gnu-tools-for-stm32.12.3.rel1.linux64_1.1.0.202410170702/tools/bin/../lib/gcc/arm-none-eabi/12.3.1/thumb/v7e-m+fp/hard/libgcc.a(_udivmoddi4.o)
                0x080064a0                        __exidx_end = .
                0x080064a0                        . = ALIGN (0x4)

.preinit_array  0x080064a0        0x0
                0x080064a0                        . = ALIGN (0x4)
                0x080064a0                        PROVIDE (__preinit_array_start = .)
 *(.preinit_array*)
                0x080064a0                        PROVIDE (__preinit_array_end = .)
                0x080064a0                        . = ALIGN (0x4)

.init_array     0x080064a0        0x4
                0x080064a0                        . = ALIGN (0x4)
                0x080064a0                        PROVIDE (__init_array_start = .)
 *(SORT_BY_NAME(.init_array.*))
 *(.init_array*)
 .init_array    0x080064a0        0x4 /opt/st/stm32cubeide_1.17.0/plugins/com.st.stm32cube.ide.mcu.externaltools.gnu-tools-for-stm32.12.3.rel1.linux64_1.1.0.202410170702/tools/bin/../lib/gcc/arm-none-eabi/12.3.1/thumb/v7e-m+fp/hard/crtbegin.o
                0x080064a4                        PROVIDE (__init_array_end = .)
                0x080064a4                        . = ALIGN (0x4)

.fini_array     0x080064a4        0x4
                0x080064a4                        . = ALIGN (0x4)
                [!provide]                        PROVIDE (__fini_array_start = .)
 *(SORT_BY_NAME(.fini_array.*))
 *(.fini_array*)
 .fini_array    0x080064a4        0x4 /opt/st/stm32cubeide_1.17.0/plugins/com.st.stm32cube.ide.mcu.externaltools.gnu-tools-for-stm32.12.3.rel1.linux64_1.1.0.202410170702/tools/bin/../lib/gcc/arm-none-eabi/12.3.1/thumb/v7e-m+fp/hard/crtbegin.o
                [!provide]                        PROVIDE (__fini_array_end = .)
                0x080064a8                        . = ALIGN (0x4)
                0x080064a8                        _sidata = LOADADDR (.data)

.rel.dyn        0x080064a8        0x0
 .rel.iplt      0x080064a8        0x0 /opt/st/stm32cubeide_1.17.0/plugins/com.st.stm32cube.ide.mcu.externaltools.gnu-tools-for-stm32.12.3.rel1.linux64_1.1.0.202410170702/tools/bin/../lib/gcc/arm-none-eabi/12.3.1/thumb/v7e-m+fp/hard/crtbegin.o

.data           0x20000000        0xc load address 0x080064a8
                0x20000000                        . = ALIGN (0x4)
                0x20000000                        _sdata = .
 *(.data)
 *(.data*)
 .data.SystemCoreClock
                0x20000000        0x4 ./Core/Src/system_stm32f4xx.o
                0x20000000                SystemCoreClock
 .data.uwTickPrio
                0x20000004        0x4 ./Drivers/STM32F4xx_HAL_Driver/Src/stm32f4xx_hal.o
                0x20000004                uwTickPrio
 .data.uwTickFreq
                0x20000008        0x1 ./Drivers/STM32F4xx_HAL_Driver/Src/stm32f4xx_hal.o
                0x20000008                uwTickFreq
 *(.RamFunc)
 *(.RamFunc*)
                0x2000000c                        . = ALIGN (0x4)
 *fill*         0x20000009        0x3 
                0x2000000c                        _edata = .

.igot.plt       0x2000000c        0x0 load address 0x080064b4
 .igot.plt      0x2000000c        0x0 /opt/st/stm32cubeide_1.17.0/plugins/com.st.stm32cube.ide.mcu.externaltools.gnu-tools-for-stm32.12.3.rel1.linux64_1.1.0.202410170702/tools/bin/../lib/gcc/arm-none-eabi/12.3.1/thumb/v7e-m+fp/hard/crtbegin.o
                0x2000000c                        . = ALIGN (0x4)

.bss            0x2000000c      0x554 load address 0x080064b4
                0x2000000c                        _sbss = .
                0x2000000c                        __bss_start__ = _sbss
 *(.bss)
 .bss           0x2000000c       0x1c /opt/st/stm32cubeide_1.17.0/plugins/com.st.stm32cube.ide.mcu.externaltools.gnu-tools-for-stm32.12.3.rel1.linux64_1.1.0.202410170702/tools/bin/../lib/gcc/arm-none-eabi/12.3.1/thumb/v7e-m+fp/hard/crtbegin.o
 *(.bss*)
 .bss.receivedData
                0x20000028        0x1 ./Core/Src/main.o
                0x20000028                receivedData
 *fill*         0x20000029        0x3 
 .bss.huart2    0x2000002c       0x48 ./Core/Src/usart.o
                0x2000002c                huart2
 .bss.uwTick    0x20000074        0x4 ./Drivers/STM32F4xx_HAL_Driver/Src/stm32f4xx_hal.o
                0x20000074                uwTick
 .bss.cfgidx.0  0x20000078        0x1 ./Middlewares/ST/STM32_USB_Device_Library/Core/Src/usbd_ctlreq.o
 *fill*         0x20000079        0x3 
 .bss.hpcd_USB_OTG_FS
                0x2000007c      0x4e4 ./USB_DEVICE/Target/usbd_conf.o
                0x2000007c                hpcd_USB_OTG_FS
 *(COMMON)
                0x20000560                        . = ALIGN (0x4)
                0x20000560                        _ebss = .
                0x20000560                        __bss_end__ = _ebss

._user_heap_stack
                0x20000560      0x600 load address 0x080064b4
                0x20000560                        . = ALIGN (0x8)
                [!provide]                        PROVIDE (end = .)
                0x20000560                        PROVIDE (_end = .)
                0x20000760                        . = (. + _Min_Heap_Size)
 *fill*         0x20000560      0x200 
                0x20000b60                        . = (. + _Min_Stack_Size)
 *fill*         0x20000760      0x400 
                0x20000b60                        . = ALIGN (0x8)

/DISCARD/
 libc.a(*)
 libm.a(*)
 libgcc.a(*)

.ARM.attributes
                0x00000000       0x30
 *(.ARM.attributes)
 .ARM.attributes
                0x00000000       0x22 /opt/st/stm32cubeide_1.17.0/plugins/com.st.stm32cube.ide.mcu.externaltools.gnu-tools-for-stm32.12.3.rel1.linux64_1.1.0.202410170702/tools/bin/../lib/gcc/arm-none-eabi/12.3.1/thumb/v7e-m+fp/hard/crti.o
 .ARM.attributes
                0x00000022       0x34 /opt/st/stm32cubeide_1.17.0/plugins/com.st.stm32cube.ide.mcu.externaltools.gnu-tools-for-stm32.12.3.rel1.linux64_1.1.0.202410170702/tools/bin/../lib/gcc/arm-none-eabi/12.3.1/thumb/v7e-m+fp/hard/crtbegin.o
 .ARM.attributes
                0x00000056       0x34 ./Core/Src/gpio.o
 .ARM.attributes
                0x0000008a       0x34 ./Core/Src/main.o
 .ARM.attributes
                0x000000be       0x34 ./Core/Src/stm32f4xx_hal_msp.o
 .ARM.attributes
                0x000000f2       0x34 ./Core/Src/stm32f4xx_it.o
 .ARM.attributes
                0x00000126       0x34 ./Core/Src/system_stm32f4xx.o
 .ARM.attributes
                0x0000015a       0x34 ./Core/Src/usart.o
 .ARM.attributes
                0x0000018e       0x21 ./Core/Startup/startup_stm32f446retx.o
 .ARM.attributes
                0x000001af       0x34 ./Drivers/STM32F4xx_HAL_Driver/Src/stm32f4xx_hal.o
 .ARM.attributes
                0x000001e3       0x34 ./Drivers/STM32F4xx_HAL_Driver/Src/stm32f4xx_hal_cortex.o
 .ARM.attributes
                0x00000217       0x34 ./Drivers/STM32F4xx_HAL_Driver/Src/stm32f4xx_hal_dma.o
 .ARM.attributes
                0x0000024b       0x34 ./Drivers/STM32F4xx_HAL_Driver/Src/stm32f4xx_hal_gpio.o
 .ARM.attributes
                0x0000027f       0x34 ./Drivers/STM32F4xx_HAL_Driver/Src/stm32f4xx_hal_pcd.o
 .ARM.attributes
                0x000002b3       0x34 ./Drivers/STM32F4xx_HAL_Driver/Src/stm32f4xx_hal_rcc.o
 .ARM.attributes
                0x000002e7       0x34 ./Drivers/STM32F4xx_HAL_Driver/Src/stm32f4xx_hal_rcc_ex.o
 .ARM.attributes
                0x0000031b       0x34 ./Drivers/STM32F4xx_HAL_Driver/Src/stm32f4xx_hal_uart.o
 .ARM.attributes
                0x0000034f       0x34 ./Drivers/STM32F4xx_HAL_Driver/Src/stm32f4xx_ll_usb.o
 .ARM.attributes
                0x00000383       0x34 ./Middlewares/ST/STM32_USB_Device_Library/Core/Src/usbd_core.o
 .ARM.attributes
                0x000003b7       0x34 ./Middlewares/ST/STM32_USB_Device_Library/Core/Src/usbd_ctlreq.o
 .ARM.attributes
                0x000003eb       0x34 ./Middlewares/ST/STM32_USB_Device_Library/Core/Src/usbd_ioreq.o
 .ARM.attributes
                0x0000041f       0x34 ./USB_DEVICE/Target/usbd_conf.o
 .ARM.attributes
                0x00000453       0x34 /opt/st/stm32cubeide_1.17.0/plugins/com.st.stm32cube.ide.mcu.externaltools.gnu-tools-for-stm32.12.3.rel1.linux64_1.1.0.202410170702/tools/bin/../lib/gcc/arm-none-eabi/12.3.1/../../../../arm-none-eabi/lib/thumb/v7e-m+fp/hard/libc_nano.a(libc_a-memset.o)
 .ARM.attributes
                0x00000487       0x34 /opt/st/stm32cubeide_1.17.0/plugins/com.st.stm32cube.ide.mcu.externaltools.gnu-tools-for-stm32.12.3.rel1.linux64_1.1.0.202410170702/tools/bin/../lib/gcc/arm-none-eabi/12.3.1/../../../../arm-none-eabi/lib/thumb/v7e-m+fp/hard/libc_nano.a(libc_a-init.o)
 .ARM.attributes
                0x000004bb       0x22 /opt/st/stm32cubeide_1.17.0/plugins/com.st.stm32cube.ide.mcu.externaltools.gnu-tools-for-stm32.12.3.rel1.linux64_1.1.0.202410170702/tools/bin/../lib/gcc/arm-none-eabi/12.3.1/thumb/v7e-m+fp/hard/libgcc.a(_aeabi_uldivmod.o)
 .ARM.attributes
                0x000004dd       0x34 /opt/st/stm32cubeide_1.17.0/plugins/com.st.stm32cube.ide.mcu.externaltools.gnu-tools-for-stm32.12.3.rel1.linux64_1.1.0.202410170702/tools/bin/../lib/gcc/arm-none-eabi/12.3.1/thumb/v7e-m+fp/hard/libgcc.a(_udivmoddi4.o)
 .ARM.attributes
                0x00000511       0x22 /opt/st/stm32cubeide_1.17.0/plugins/com.st.stm32cube.ide.mcu.externaltools.gnu-tools-for-stm32.12.3.rel1.linux64_1.1.0.202410170702/tools/bin/../lib/gcc/arm-none-eabi/12.3.1/thumb/v7e-m+fp/hard/libgcc.a(_dvmd_tls.o)
 .ARM.attributes
                0x00000533       0x22 /opt/st/stm32cubeide_1.17.0/plugins/com.st.stm32cube.ide.mcu.externaltools.gnu-tools-for-stm32.12.3.rel1.linux64_1.1.0.202410170702/tools/bin/../lib/gcc/arm-none-eabi/12.3.1/thumb/v7e-m+fp/hard/crtn.o
OUTPUT(sepid.elf elf32-littlearm)
LOAD linker stubs
LOAD /opt/st/stm32cubeide_1.17.0/plugins/com.st.stm32cube.ide.mcu.externaltools.gnu-tools-for-stm32.12.3.rel1.linux64_1.1.0.202410170702/tools/bin/../lib/gcc/arm-none-eabi/12.3.1/../../../../arm-none-eabi/lib/thumb/v7e-m+fp/hard/libc.a
LOAD /opt/st/stm32cubeide_1.17.0/plugins/com.st.stm32cube.ide.mcu.externaltools.gnu-tools-for-stm32.12.3.rel1.linux64_1.1.0.202410170702/tools/bin/../lib/gcc/arm-none-eabi/12.3.1/../../../../arm-none-eabi/lib/thumb/v7e-m+fp/hard/libm.a
LOAD /opt/st/stm32cubeide_1.17.0/plugins/com.st.stm32cube.ide.mcu.externaltools.gnu-tools-for-stm32.12.3.rel1.linux64_1.1.0.202410170702/tools/bin/../lib/gcc/arm-none-eabi/12.3.1/thumb/v7e-m+fp/hard/libgcc.a

.debug_info     0x00000000    0x10713
 .debug_info    0x00000000      0x439 ./Core/Src/gpio.o
 .debug_info    0x00000439      0xb16 ./Core/Src/main.o
 .debug_info    0x00000f4f      0x2ac ./Core/Src/stm32f4xx_hal_msp.o
 .debug_info    0x000011fb      0xb34 ./Core/Src/stm32f4xx_it.o
 .debug_info    0x00001d2f      0x54a ./Core/Src/system_stm32f4xx.o
 .debug_info    0x00002279      0xc26 ./Core/Src/usart.o
 .debug_info    0x00002e9f       0x30 ./Core/Startup/startup_stm32f446retx.o
 .debug_info    0x00002ecf      0x99a ./Drivers/STM32F4xx_HAL_Driver/Src/stm32f4xx_hal.o
 .debug_info    0x00003869      0xdaa ./Drivers/STM32F4xx_HAL_Driver/Src/stm32f4xx_hal_cortex.o
 .debug_info    0x00004613      0x8e7 ./Drivers/STM32F4xx_HAL_Driver/Src/stm32f4xx_hal_dma.o
 .debug_info    0x00004efa      0x70b ./Drivers/STM32F4xx_HAL_Driver/Src/stm32f4xx_hal_gpio.o
 .debug_info    0x00005605     0x15e3 ./Drivers/STM32F4xx_HAL_Driver/Src/stm32f4xx_hal_pcd.o
 .debug_info    0x00006be8      0x8eb ./Drivers/STM32F4xx_HAL_Driver/Src/stm32f4xx_hal_rcc.o
 .debug_info    0x000074d3      0x956 ./Drivers/STM32F4xx_HAL_Driver/Src/stm32f4xx_hal_rcc_ex.o
 .debug_info    0x00007e29     0x2f4f ./Drivers/STM32F4xx_HAL_Driver/Src/stm32f4xx_hal_uart.o
 .debug_info    0x0000ad78     0x19f1 ./Drivers/STM32F4xx_HAL_Driver/Src/stm32f4xx_ll_usb.o
 .debug_info    0x0000c769      0xe12 ./Middlewares/ST/STM32_USB_Device_Library/Core/Src/usbd_core.o
 .debug_info    0x0000d57b      0xaeb ./Middlewares/ST/STM32_USB_Device_Library/Core/Src/usbd_ctlreq.o
 .debug_info    0x0000e066      0x762 ./Middlewares/ST/STM32_USB_Device_Library/Core/Src/usbd_ioreq.o
 .debug_info    0x0000e7c8     0x1f4b ./USB_DEVICE/Target/usbd_conf.o

.debug_abbrev   0x00000000     0x2a93
 .debug_abbrev  0x00000000      0x152 ./Core/Src/gpio.o
 .debug_abbrev  0x00000152      0x26a ./Core/Src/main.o
 .debug_abbrev  0x000003bc       0xf4 ./Core/Src/stm32f4xx_hal_msp.o
 .debug_abbrev  0x000004b0      0x1dc ./Core/Src/stm32f4xx_it.o
 .debug_abbrev  0x0000068c      0x11a ./Core/Src/system_stm32f4xx.o
 .debug_abbrev  0x000007a6      0x248 ./Core/Src/usart.o
 .debug_abbrev  0x000009ee       0x24 ./Core/Startup/startup_stm32f446retx.o
 .debug_abbrev  0x00000a12      0x214 ./Drivers/STM32F4xx_HAL_Driver/Src/stm32f4xx_hal.o
 .debug_abbrev  0x00000c26      0x31d ./Drivers/STM32F4xx_HAL_Driver/Src/stm32f4xx_hal_cortex.o
 .debug_abbrev  0x00000f43      0x264 ./Drivers/STM32F4xx_HAL_Driver/Src/stm32f4xx_hal_dma.o
 .debug_abbrev  0x000011a7      0x1d4 ./Drivers/STM32F4xx_HAL_Driver/Src/stm32f4xx_hal_gpio.o
 .debug_abbrev  0x0000137b      0x2d0 ./Drivers/STM32F4xx_HAL_Driver/Src/stm32f4xx_hal_pcd.o
 .debug_abbrev  0x0000164b      0x2b7 ./Drivers/STM32F4xx_HAL_Driver/Src/stm32f4xx_hal_rcc.o
 .debug_abbrev  0x00001902      0x20a ./Drivers/STM32F4xx_HAL_Driver/Src/stm32f4xx_hal_rcc_ex.o
 .debug_abbrev  0x00001b0c      0x30e ./Drivers/STM32F4xx_HAL_Driver/Src/stm32f4xx_hal_uart.o
 .debug_abbrev  0x00001e1a      0x2b3 ./Drivers/STM32F4xx_HAL_Driver/Src/stm32f4xx_ll_usb.o
 .debug_abbrev  0x000020cd      0x27c ./Middlewares/ST/STM32_USB_Device_Library/Core/Src/usbd_core.o
 .debug_abbrev  0x00002349      0x26f ./Middlewares/ST/STM32_USB_Device_Library/Core/Src/usbd_ctlreq.o
 .debug_abbrev  0x000025b8      0x19a ./Middlewares/ST/STM32_USB_Device_Library/Core/Src/usbd_ioreq.o
 .debug_abbrev  0x00002752      0x341 ./USB_DEVICE/Target/usbd_conf.o

.debug_aranges  0x00000000      0xd38
 .debug_aranges
                0x00000000       0x20 ./Core/Src/gpio.o
 .debug_aranges
                0x00000020       0x38 ./Core/Src/main.o
 .debug_aranges
                0x00000058       0x20 ./Core/Src/stm32f4xx_hal_msp.o
 .debug_aranges
                0x00000078       0x70 ./Core/Src/stm32f4xx_it.o
 .debug_aranges
                0x000000e8       0x28 ./Core/Src/system_stm32f4xx.o
 .debug_aranges
                0x00000110       0x38 ./Core/Src/usart.o
 .debug_aranges
                0x00000148       0x28 ./Core/Startup/startup_stm32f446retx.o
 .debug_aranges
                0x00000170       0xf0 ./Drivers/STM32F4xx_HAL_Driver/Src/stm32f4xx_hal.o
 .debug_aranges
                0x00000260      0x130 ./Drivers/STM32F4xx_HAL_Driver/Src/stm32f4xx_hal_cortex.o
 .debug_aranges
                0x00000390       0x90 ./Drivers/STM32F4xx_HAL_Driver/Src/stm32f4xx_hal_dma.o
 .debug_aranges
                0x00000420       0x58 ./Drivers/STM32F4xx_HAL_Driver/Src/stm32f4xx_hal_gpio.o
 .debug_aranges
                0x00000478      0x148 ./Drivers/STM32F4xx_HAL_Driver/Src/stm32f4xx_hal_pcd.o
 .debug_aranges
                0x000005c0       0x88 ./Drivers/STM32F4xx_HAL_Driver/Src/stm32f4xx_hal_rcc.o
 .debug_aranges
                0x00000648       0x78 ./Drivers/STM32F4xx_HAL_Driver/Src/stm32f4xx_hal_rcc_ex.o
 .debug_aranges
                0x000006c0      0x208 ./Drivers/STM32F4xx_HAL_Driver/Src/stm32f4xx_hal_uart.o
 .debug_aranges
                0x000008c8      0x1a0 ./Drivers/STM32F4xx_HAL_Driver/Src/stm32f4xx_ll_usb.o
 .debug_aranges
                0x00000a68       0xd8 ./Middlewares/ST/STM32_USB_Device_Library/Core/Src/usbd_core.o
 .debug_aranges
                0x00000b40       0x90 ./Middlewares/ST/STM32_USB_Device_Library/Core/Src/usbd_ctlreq.o
 .debug_aranges
                0x00000bd0       0x50 ./Middlewares/ST/STM32_USB_Device_Library/Core/Src/usbd_ioreq.o
 .debug_aranges
                0x00000c20      0x118 ./USB_DEVICE/Target/usbd_conf.o

.debug_rnglists
                0x00000000      0xa0a
 .debug_rnglists
                0x00000000       0x14 ./Core/Src/gpio.o
 .debug_rnglists
                0x00000014       0x26 ./Core/Src/main.o
 .debug_rnglists
                0x0000003a       0x13 ./Core/Src/stm32f4xx_hal_msp.o
 .debug_rnglists
                0x0000004d       0x4f ./Core/Src/stm32f4xx_it.o
 .debug_rnglists
                0x0000009c       0x1a ./Core/Src/system_stm32f4xx.o
 .debug_rnglists
                0x000000b6       0x26 ./Core/Src/usart.o
 .debug_rnglists
                0x000000dc       0x19 ./Core/Startup/startup_stm32f446retx.o
 .debug_rnglists
                0x000000f5       0xaf ./Drivers/STM32F4xx_HAL_Driver/Src/stm32f4xx_hal.o
 .debug_rnglists
                0x000001a4       0xe0 ./Drivers/STM32F4xx_HAL_Driver/Src/stm32f4xx_hal_cortex.o
 .debug_rnglists
                0x00000284       0x70 ./Drivers/STM32F4xx_HAL_Driver/Src/stm32f4xx_hal_dma.o
 .debug_rnglists
                0x000002f4       0x3f ./Drivers/STM32F4xx_HAL_Driver/Src/stm32f4xx_hal_gpio.o
 .debug_rnglists
                0x00000333       0xfa ./Drivers/STM32F4xx_HAL_Driver/Src/stm32f4xx_hal_pcd.o
 .debug_rnglists
                0x0000042d       0x66 ./Drivers/STM32F4xx_HAL_Driver/Src/stm32f4xx_hal_rcc.o
 .debug_rnglists
                0x00000493       0x5e ./Drivers/STM32F4xx_HAL_Driver/Src/stm32f4xx_hal_rcc_ex.o
 .debug_rnglists
                0x000004f1      0x1bc ./Drivers/STM32F4xx_HAL_Driver/Src/stm32f4xx_hal_uart.o
 .debug_rnglists
                0x000006ad      0x147 ./Drivers/STM32F4xx_HAL_Driver/Src/stm32f4xx_ll_usb.o
 .debug_rnglists
                0x000007f4       0xa1 ./Middlewares/ST/STM32_USB_Device_Library/Core/Src/usbd_core.o
 .debug_rnglists
                0x00000895       0x6e ./Middlewares/ST/STM32_USB_Device_Library/Core/Src/usbd_ctlreq.o
 .debug_rnglists
                0x00000903       0x37 ./Middlewares/ST/STM32_USB_Device_Library/Core/Src/usbd_ioreq.o
 .debug_rnglists
                0x0000093a       0xd0 ./USB_DEVICE/Target/usbd_conf.o

.debug_macro    0x00000000    0x22d9d
 .debug_macro   0x00000000      0x1f7 ./Core/Src/gpio.o
 .debug_macro   0x000001f7      0xab4 ./Core/Src/gpio.o
 .debug_macro   0x00000cab      0x29b ./Core/Src/gpio.o
 .debug_macro   0x00000f46       0x2e ./Core/Src/gpio.o
 .debug_macro   0x00000f74       0x28 ./Core/Src/gpio.o
 .debug_macro   0x00000f9c       0x22 ./Core/Src/gpio.o
 .debug_macro   0x00000fbe       0x8e ./Core/Src/gpio.o
 .debug_macro   0x0000104c       0x51 ./Core/Src/gpio.o
 .debug_macro   0x0000109d      0x103 ./Core/Src/gpio.o
 .debug_macro   0x000011a0       0x6a ./Core/Src/gpio.o
 .debug_macro   0x0000120a      0x1df ./Core/Src/gpio.o
 .debug_macro   0x000013e9       0x1c ./Core/Src/gpio.o
 .debug_macro   0x00001405       0x22 ./Core/Src/gpio.o
 .debug_macro   0x00001427       0xfb ./Core/Src/gpio.o
 .debug_macro   0x00001522     0x1011 ./Core/Src/gpio.o
 .debug_macro   0x00002533      0x11f ./Core/Src/gpio.o
 .debug_macro   0x00002652    0x16749 ./Core/Src/gpio.o
 .debug_macro   0x00018d9b       0x6d ./Core/Src/gpio.o
 .debug_macro   0x00018e08     0x369a ./Core/Src/gpio.o
 .debug_macro   0x0001c4a2      0x189 ./Core/Src/gpio.o
 .debug_macro   0x0001c62b       0x5c ./Core/Src/gpio.o
 .debug_macro   0x0001c687      0xca5 ./Core/Src/gpio.o
 .debug_macro   0x0001d32c      0x9e9 ./Core/Src/gpio.o
 .debug_macro   0x0001dd15      0x115 ./Core/Src/gpio.o
 .debug_macro   0x0001de2a      0x1a0 ./Core/Src/gpio.o
 .debug_macro   0x0001dfca       0xa5 ./Core/Src/gpio.o
 .debug_macro   0x0001e06f      0x16d ./Core/Src/gpio.o
 .debug_macro   0x0001e1dc      0x287 ./Core/Src/gpio.o
 .debug_macro   0x0001e463       0x5f ./Core/Src/gpio.o
 .debug_macro   0x0001e4c2      0x236 ./Core/Src/gpio.o
 .debug_macro   0x0001e6f8      0x132 ./Core/Src/gpio.o
 .debug_macro   0x0001e82a      0x29c ./Core/Src/gpio.o
 .debug_macro   0x0001eac6       0x2e ./Core/Src/gpio.o
 .debug_macro   0x0001eaf4      0x127 ./Core/Src/gpio.o
 .debug_macro   0x0001ec1b       0xe8 ./Core/Src/gpio.o
 .debug_macro   0x0001ed03       0x89 ./Core/Src/gpio.o
 .debug_macro   0x0001ed8c      0x2aa ./Core/Src/gpio.o
 .debug_macro   0x0001f036      0x293 ./Core/Src/gpio.o
 .debug_macro   0x0001f2c9       0xba ./Core/Src/gpio.o
 .debug_macro   0x0001f383      0x126 ./Core/Src/gpio.o
 .debug_macro   0x0001f4a9       0x4c ./Core/Src/gpio.o
 .debug_macro   0x0001f4f5      0x369 ./Core/Src/main.o
 .debug_macro   0x0001f85e       0x61 ./Core/Src/main.o
 .debug_macro   0x0001f8bf       0x2a ./Core/Src/main.o
 .debug_macro   0x0001f8e9       0x43 ./Core/Src/main.o
 .debug_macro   0x0001f92c       0x34 ./Core/Src/main.o
 .debug_macro   0x0001f960       0x16 ./Core/Src/main.o
 .debug_macro   0x0001f976       0x35 ./Core/Src/main.o
 .debug_macro   0x0001f9ab      0x369 ./Core/Src/main.o
 .debug_macro   0x0001fd14       0x10 ./Core/Src/main.o
 .debug_macro   0x0001fd24       0x16 ./Core/Src/main.o
 .debug_macro   0x0001fd3a       0x43 ./Core/Src/main.o
 .debug_macro   0x0001fd7d       0x34 ./Core/Src/main.o
 .debug_macro   0x0001fdb1       0x10 ./Core/Src/main.o
 .debug_macro   0x0001fdc1       0x58 ./Core/Src/main.o
 .debug_macro   0x0001fe19       0x8e ./Core/Src/main.o
 .debug_macro   0x0001fea7       0x1c ./Core/Src/main.o
 .debug_macro   0x0001fec3      0x177 ./Core/Src/main.o
 .debug_macro   0x0002003a       0x16 ./Core/Src/main.o
 .debug_macro   0x00020050       0x16 ./Core/Src/main.o
 .debug_macro   0x00020066      0x146 ./Core/Src/main.o
 .debug_macro   0x000201ac       0x16 ./Core/Src/main.o
 .debug_macro   0x000201c2       0x16 ./Core/Src/main.o
 .debug_macro   0x000201d8       0x29 ./Core/Src/main.o
 .debug_macro   0x00020201       0x16 ./Core/Src/main.o
 .debug_macro   0x00020217       0x20 ./Core/Src/main.o
 .debug_macro   0x00020237       0x65 ./Core/Src/main.o
 .debug_macro   0x0002029c      0x20f ./Core/Src/main.o
 .debug_macro   0x000204ab      0x1ed ./Core/Src/stm32f4xx_hal_msp.o
 .debug_macro   0x00020698      0x1f7 ./Core/Src/stm32f4xx_it.o
 .debug_macro   0x0002088f      0x1de ./Core/Src/system_stm32f4xx.o
 .debug_macro   0x00020a6d      0x1f7 ./Core/Src/usart.o
 .debug_macro   0x00020c64      0x23e ./Drivers/STM32F4xx_HAL_Driver/Src/stm32f4xx_hal.o
 .debug_macro   0x00020ea2      0x1de ./Drivers/STM32F4xx_HAL_Driver/Src/stm32f4xx_hal_cortex.o
 .debug_macro   0x00021080      0x1e4 ./Drivers/STM32F4xx_HAL_Driver/Src/stm32f4xx_hal_dma.o
 .debug_macro   0x00021264      0x1e4 ./Drivers/STM32F4xx_HAL_Driver/Src/stm32f4xx_hal_gpio.o
 .debug_macro   0x00021448      0x1ea ./Drivers/STM32F4xx_HAL_Driver/Src/stm32f4xx_hal_pcd.o
 .debug_macro   0x00021632      0x202 ./Drivers/STM32F4xx_HAL_Driver/Src/stm32f4xx_hal_rcc.o
 .debug_macro   0x00021834      0x1de ./Drivers/STM32F4xx_HAL_Driver/Src/stm32f4xx_hal_rcc_ex.o
 .debug_macro   0x00021a12      0x1df ./Drivers/STM32F4xx_HAL_Driver/Src/stm32f4xx_hal_uart.o
 .debug_macro   0x00021bf1      0x1de ./Drivers/STM32F4xx_HAL_Driver/Src/stm32f4xx_ll_usb.o
 .debug_macro   0x00021dcf      0x363 ./Middlewares/ST/STM32_USB_Device_Library/Core/Src/usbd_core.o
 .debug_macro   0x00022132      0x215 ./Middlewares/ST/STM32_USB_Device_Library/Core/Src/usbd_core.o
 .debug_macro   0x00022347      0x36d ./Middlewares/ST/STM32_USB_Device_Library/Core/Src/usbd_ctlreq.o
 .debug_macro   0x000226b4      0x369 ./Middlewares/ST/STM32_USB_Device_Library/Core/Src/usbd_ioreq.o
 .debug_macro   0x00022a1d      0x380 ./USB_DEVICE/Target/usbd_conf.o

.debug_line     0x00000000    0x10ef8
 .debug_line    0x00000000      0x6bb ./Core/Src/gpio.o
 .debug_line    0x000006bb      0x972 ./Core/Src/main.o
 .debug_line    0x0000102d      0x6a2 ./Core/Src/stm32f4xx_hal_msp.o
 .debug_line    0x000016cf      0x794 ./Core/Src/stm32f4xx_it.o
 .debug_line    0x00001e63      0x726 ./Core/Src/system_stm32f4xx.o
 .debug_line    0x00002589      0x729 ./Core/Src/usart.o
 .debug_line    0x00002cb2       0x7a ./Core/Startup/startup_stm32f446retx.o
 .debug_line    0x00002d2c      0x98f ./Drivers/STM32F4xx_HAL_Driver/Src/stm32f4xx_hal.o
 .debug_line    0x000036bb      0xc81 ./Drivers/STM32F4xx_HAL_Driver/Src/stm32f4xx_hal_cortex.o
 .debug_line    0x0000433c      0xeff ./Drivers/STM32F4xx_HAL_Driver/Src/stm32f4xx_hal_dma.o
 .debug_line    0x0000523b      0xb07 ./Drivers/STM32F4xx_HAL_Driver/Src/stm32f4xx_hal_gpio.o
 .debug_line    0x00005d42     0x149d ./Drivers/STM32F4xx_HAL_Driver/Src/stm32f4xx_hal_pcd.o
 .debug_line    0x000071df      0xd26 ./Drivers/STM32F4xx_HAL_Driver/Src/stm32f4xx_hal_rcc.o
 .debug_line    0x00007f05     0x1396 ./Drivers/STM32F4xx_HAL_Driver/Src/stm32f4xx_hal_rcc_ex.o
 .debug_line    0x0000929b     0x2861 ./Drivers/STM32F4xx_HAL_Driver/Src/stm32f4xx_hal_uart.o
 .debug_line    0x0000bafc     0x1d58 ./Drivers/STM32F4xx_HAL_Driver/Src/stm32f4xx_ll_usb.o
 .debug_line    0x0000d854      0xe8f ./Middlewares/ST/STM32_USB_Device_Library/Core/Src/usbd_core.o
 .debug_line    0x0000e6e3     0x10bc ./Middlewares/ST/STM32_USB_Device_Library/Core/Src/usbd_ctlreq.o
 .debug_line    0x0000f79f      0x9a9 ./Middlewares/ST/STM32_USB_Device_Library/Core/Src/usbd_ioreq.o
 .debug_line    0x00010148      0xdb0 ./USB_DEVICE/Target/usbd_conf.o

.debug_str      0x00000000    0xcbf95
 .debug_str     0x00000000    0xc3850 ./Core/Src/gpio.o
                              0xc3aee (size before relaxing)
 .debug_str     0x000c3850     0x486c ./Core/Src/main.o
                              0xc83b2 (size before relaxing)
 .debug_str     0x000c80bc       0x49 ./Core/Src/stm32f4xx_hal_msp.o
                              0xc3a40 (size before relaxing)
 .debug_str     0x000c8105      0x4bd ./Core/Src/stm32f4xx_it.o
                              0xc4219 (size before relaxing)
 .debug_str     0x000c85c2       0xdb ./Core/Src/system_stm32f4xx.o
                              0xc39d4 (size before relaxing)
 .debug_str     0x000c869d      0x5c8 ./Core/Src/usart.o
                              0xc453f (size before relaxing)
 .debug_str     0x000c8c65       0x44 ./Core/Startup/startup_stm32f446retx.o
                                 0x7a (size before relaxing)
 .debug_str     0x000c8ca9      0x5f0 ./Drivers/STM32F4xx_HAL_Driver/Src/stm32f4xx_hal.o
                              0xc4599 (size before relaxing)
 .debug_str     0x000c9299      0x36b ./Drivers/STM32F4xx_HAL_Driver/Src/stm32f4xx_hal_cortex.o
                              0xc42f0 (size before relaxing)
 .debug_str     0x000c9604      0x322 ./Drivers/STM32F4xx_HAL_Driver/Src/stm32f4xx_hal_dma.o
                              0xc3dc9 (size before relaxing)
 .debug_str     0x000c9926      0x121 ./Drivers/STM32F4xx_HAL_Driver/Src/stm32f4xx_hal_gpio.o
                              0xc3b4f (size before relaxing)
 .debug_str     0x000c9a47      0x852 ./Drivers/STM32F4xx_HAL_Driver/Src/stm32f4xx_hal_pcd.o
                              0xc44e5 (size before relaxing)
 .debug_str     0x000ca299      0x21f ./Drivers/STM32F4xx_HAL_Driver/Src/stm32f4xx_hal_rcc.o
                              0xc3e0d (size before relaxing)
 .debug_str     0x000ca4b8      0x324 ./Drivers/STM32F4xx_HAL_Driver/Src/stm32f4xx_hal_rcc_ex.o
                              0xc3e40 (size before relaxing)
 .debug_str     0x000ca7dc      0x5c6 ./Drivers/STM32F4xx_HAL_Driver/Src/stm32f4xx_hal_uart.o
                              0xc43c4 (size before relaxing)
 .debug_str     0x000cada2      0x4a7 ./Drivers/STM32F4xx_HAL_Driver/Src/stm32f4xx_ll_usb.o
                              0xc43a1 (size before relaxing)
 .debug_str     0x000cb249      0x7db ./Middlewares/ST/STM32_USB_Device_Library/Core/Src/usbd_core.o
                              0xc83e9 (size before relaxing)
 .debug_str     0x000cba24      0x158 ./Middlewares/ST/STM32_USB_Device_Library/Core/Src/usbd_ctlreq.o
                              0xc8214 (size before relaxing)
 .debug_str     0x000cbb7c       0x8a ./Middlewares/ST/STM32_USB_Device_Library/Core/Src/usbd_ioreq.o
                              0xc80e9 (size before relaxing)
 .debug_str     0x000cbc06      0x38f ./USB_DEVICE/Target/usbd_conf.o
                              0xc95a8 (size before relaxing)

.comment        0x00000000       0x43
 .comment       0x00000000       0x43 ./Core/Src/gpio.o
                                 0x44 (size before relaxing)
 .comment       0x00000043       0x44 ./Core/Src/main.o
 .comment       0x00000043       0x44 ./Core/Src/stm32f4xx_hal_msp.o
 .comment       0x00000043       0x44 ./Core/Src/stm32f4xx_it.o
 .comment       0x00000043       0x44 ./Core/Src/system_stm32f4xx.o
 .comment       0x00000043       0x44 ./Core/Src/usart.o
 .comment       0x00000043       0x44 ./Drivers/STM32F4xx_HAL_Driver/Src/stm32f4xx_hal.o
 .comment       0x00000043       0x44 ./Drivers/STM32F4xx_HAL_Driver/Src/stm32f4xx_hal_cortex.o
 .comment       0x00000043       0x44 ./Drivers/STM32F4xx_HAL_Driver/Src/stm32f4xx_hal_dma.o
 .comment       0x00000043       0x44 ./Drivers/STM32F4xx_HAL_Driver/Src/stm32f4xx_hal_gpio.o
 .comment       0x00000043       0x44 ./Drivers/STM32F4xx_HAL_Driver/Src/stm32f4xx_hal_pcd.o
 .comment       0x00000043       0x44 ./Drivers/STM32F4xx_HAL_Driver/Src/stm32f4xx_hal_rcc.o
 .comment       0x00000043       0x44 ./Drivers/STM32F4xx_HAL_Driver/Src/stm32f4xx_hal_rcc_ex.o
 .comment       0x00000043       0x44 ./Drivers/STM32F4xx_HAL_Driver/Src/stm32f4xx_hal_uart.o
 .comment       0x00000043       0x44 ./Drivers/STM32F4xx_HAL_Driver/Src/stm32f4xx_ll_usb.o
 .comment       0x00000043       0x44 ./Middlewares/ST/STM32_USB_Device_Library/Core/Src/usbd_core.o
 .comment       0x00000043       0x44 ./Middlewares/ST/STM32_USB_Device_Library/Core/Src/usbd_ctlreq.o
 .comment       0x00000043       0x44 ./Middlewares/ST/STM32_USB_Device_Library/Core/Src/usbd_ioreq.o
 .comment       0x00000043       0x44 ./USB_DEVICE/Target/usbd_conf.o

.debug_frame    0x00000000     0x3608
 .debug_frame   0x00000000       0x34 ./Core/Src/gpio.o
 .debug_frame   0x00000034       0x8c ./Core/Src/main.o
 .debug_frame   0x000000c0       0x34 ./Core/Src/stm32f4xx_hal_msp.o
 .debug_frame   0x000000f4      0x13c ./Core/Src/stm32f4xx_it.o
 .debug_frame   0x00000230       0x58 ./Core/Src/system_stm32f4xx.o
 .debug_frame   0x00000288       0x98 ./Core/Src/usart.o
 .debug_frame   0x00000320      0x374 ./Drivers/STM32F4xx_HAL_Driver/Src/stm32f4xx_hal.o
 .debug_frame   0x00000694      0x508 ./Drivers/STM32F4xx_HAL_Driver/Src/stm32f4xx_hal_cortex.o
 .debug_frame   0x00000b9c      0x250 ./Drivers/STM32F4xx_HAL_Driver/Src/stm32f4xx_hal_dma.o
 .debug_frame   0x00000dec      0x14c ./Drivers/STM32F4xx_HAL_Driver/Src/stm32f4xx_hal_gpio.o
 .debug_frame   0x00000f38      0x5b8 ./Drivers/STM32F4xx_HAL_Driver/Src/stm32f4xx_hal_pcd.o
 .debug_frame   0x000014f0      0x1f4 ./Drivers/STM32F4xx_HAL_Driver/Src/stm32f4xx_hal_rcc.o
 .debug_frame   0x000016e4      0x1e8 ./Drivers/STM32F4xx_HAL_Driver/Src/stm32f4xx_hal_rcc_ex.o
 .debug_frame   0x000018cc      0x954 ./Drivers/STM32F4xx_HAL_Driver/Src/stm32f4xx_hal_uart.o
 .debug_frame   0x00002220      0x7c0 ./Drivers/STM32F4xx_HAL_Driver/Src/stm32f4xx_ll_usb.o
 .debug_frame   0x000029e0      0x390 ./Middlewares/ST/STM32_USB_Device_Library/Core/Src/usbd_core.o
 .debug_frame   0x00002d70      0x23c ./Middlewares/ST/STM32_USB_Device_Library/Core/Src/usbd_ctlreq.o
 .debug_frame   0x00002fac      0x10c ./Middlewares/ST/STM32_USB_Device_Library/Core/Src/usbd_ioreq.o
 .debug_frame   0x000030b8      0x4a4 ./USB_DEVICE/Target/usbd_conf.o
 .debug_frame   0x0000355c       0x20 /opt/st/stm32cubeide_1.17.0/plugins/com.st.stm32cube.ide.mcu.externaltools.gnu-tools-for-stm32.12.3.rel1.linux64_1.1.0.202410170702/tools/bin/../lib/gcc/arm-none-eabi/12.3.1/../../../../arm-none-eabi/lib/thumb/v7e-m+fp/hard/libc_nano.a(libc_a-memset.o)
 .debug_frame   0x0000357c       0x2c /opt/st/stm32cubeide_1.17.0/plugins/com.st.stm32cube.ide.mcu.externaltools.gnu-tools-for-stm32.12.3.rel1.linux64_1.1.0.202410170702/tools/bin/../lib/gcc/arm-none-eabi/12.3.1/../../../../arm-none-eabi/lib/thumb/v7e-m+fp/hard/libc_nano.a(libc_a-init.o)
 .debug_frame   0x000035a8       0x2c /opt/st/stm32cubeide_1.17.0/plugins/com.st.stm32cube.ide.mcu.externaltools.gnu-tools-for-stm32.12.3.rel1.linux64_1.1.0.202410170702/tools/bin/../lib/gcc/arm-none-eabi/12.3.1/thumb/v7e-m+fp/hard/libgcc.a(_aeabi_uldivmod.o)
 .debug_frame   0x000035d4       0x34 /opt/st/stm32cubeide_1.17.0/plugins/com.st.stm32cube.ide.mcu.externaltools.gnu-tools-for-stm32.12.3.rel1.linux64_1.1.0.202410170702/tools/bin/../lib/gcc/arm-none-eabi/12.3.1/thumb/v7e-m+fp/hard/libgcc.a(_udivmoddi4.o)

.debug_line_str
                0x00000000       0x5e
 .debug_line_str
                0x00000000       0x5e ./Core/Startup/startup_stm32f446retx.o
